[grostore-html.themetags.com/index.html]
[grostore-html.themetags.com/assets/img/favicon.png]
[backblue.gif]
[fade.gif]
[index.html]
[grostore-html.themetags.com/assets/css/main.css]
[grostore-html.themetags.com/assets/img/preloader.gif]
[grostore-html.themetags.com/assets/img/flags/usd.svg]
[grostore-html.themetags.com/assets/img/flags/inr.svg]
[grostore-html.themetags.com/assets/img/logo.png]
[grostore-html.themetags.com/shop-grid.html]
[grostore-html.themetags.com/assets/img/category/baby-care.png]
[grostore-html.themetags.com/assets/img/category/cleaning.png]
[grostore-html.themetags.com/assets/img/category/bakery-biscuits.png]
[grostore-html.themetags.com/assets/img/category/coffee-drinks.png]
[grostore-html.themetags.com/assets/img/category/beauty-health.png]
[grostore-html.themetags.com/assets/img/category/breakfast.png]
[grostore-html.themetags.com/assets/img/category/cold-drinks.png]
[grostore-html.themetags.com/assets/img/category/fresh-fruits.png]
[grostore-html.themetags.com/assets/img/category/honey.png]
[grostore-html.themetags.com/assets/img/category/fresh-organic.png]
[grostore-html.themetags.com/assets/img/category/jam-jelly.png]
[grostore-html.themetags.com/assets/img/category/sports-fitness.png]
[grostore-html.themetags.com/assets/img/category/sea-fish.png]
[grostore-html.themetags.com/assets/img/category/pet-care.png]
[grostore-html.themetags.com/assets/img/category/meat.png]
[grostore-html.themetags.com/index-2.html]
[grostore-html.themetags.com/index-4.html]
[grostore-html.themetags.com/index-3.html]
[grostore-html.themetags.com/index-5.html]
[grostore-html.themetags.com/index-6.html]
[grostore-html.themetags.com/index-7.html]
[grostore-html.themetags.com/shop-grid-2.html]
[grostore-html.themetags.com/product-details.html]
[grostore-html.themetags.com/blog-grid.html]
[grostore-html.themetags.com/blog-listing.html]
[grostore-html.themetags.com/blog-details.html]
[grostore-html.themetags.com/about.html]
[grostore-html.themetags.com/services.html]
[grostore-html.themetags.com/service-details.html]
[grostore-html.themetags.com/my-account.html]
[grostore-html.themetags.com/cart.html]
[grostore-html.themetags.com/wishlist.html]
[grostore-html.themetags.com/checkout.html]
[grostore-html.themetags.com/invoice.html]
[grostore-html.themetags.com/contact.html]
[grostore-html.themetags.com/team.html]
[grostore-html.themetags.com/login.html]
[grostore-html.themetags.com/signup.html]
[grostore-html.themetags.com/404.html]
[grostore-html.themetags.com/500.html]
[grostore-html.themetags.com/campaigns.html]
[grostore-html.themetags.com/campaign-single.html]
[grostore-html.themetags.com/coupons.html]
[grostore-html.themetags.com/assets/img/products/thumb-sm-1.png]
[grostore-html.themetags.com/assets/img/products/thumb-sm-2.png]
[grostore-html.themetags.com/assets/img/products/thumb-sm-3.png]
[grostore-html.themetags.com/assets/img/products/thumb-sm-4.png]
[grostore-html.themetags.com/assets/img/shapes/leaf-shadow.png]
[grostore-html.themetags.com/assets/img/shapes/mango.png]
[grostore-html.themetags.com/assets/img/shapes/hero-circle-sm.png]
[grostore-html.themetags.com/assets/img/home1/fruits.png]
[grostore-html.themetags.com/assets/img/shapes/tree.png]
[grostore-html.themetags.com/assets/img/shapes/orange-1.png]
[grostore-html.themetags.com/assets/img/shapes/orange-2.png]
[grostore-html.themetags.com/assets/img/shapes/hero-circle-lg.png]
[grostore-html.themetags.com/assets/img/shapes/bg-shape.png]
[grostore-html.themetags.com/assets/img/category/vegetable.png]
[grostore-html.themetags.com/assets/img/category/milk.png]
[grostore-html.themetags.com/assets/img/shapes/roll-1.png]
[grostore-html.themetags.com/assets/img/shapes/roll-2.png]
[grostore-html.themetags.com/assets/img/products/p-sm-1.png]
[grostore-html.themetags.com/assets/img/products/p-sm-2.png]
[grostore-html.themetags.com/assets/img/products/p-sm-3.png]
[grostore-html.themetags.com/assets/img/products/p-sm-5.png]
[grostore-html.themetags.com/assets/img/products/pago.png]
[grostore-html.themetags.com/assets/img/shapes/circle-md.png]
[grostore-html.themetags.com/assets/img/products/p-sm-4.png]
[grostore-html.themetags.com/assets/img/products/p-sm-6.png]
[grostore-html.themetags.com/assets/img/shapes/bg-shape-2.png]
[grostore-html.themetags.com/assets/img/shapes/garlic.png]
[grostore-html.themetags.com/assets/img/shapes/carrot.png]
[grostore-html.themetags.com/assets/img/shapes/mashrom.png]
[grostore-html.themetags.com/assets/img/products/apple.png]
[grostore-html.themetags.com/assets/img/products/apple-black.png]
[grostore-html.themetags.com/assets/img/products/pinut.png]
[grostore-html.themetags.com/assets/img/products/stroberry.png]
[grostore-html.themetags.com/assets/img/shapes/bg-shape-3.png]
[grostore-html.themetags.com/assets/img/banner/banner-1.jpg]
[grostore-html.themetags.com/assets/img/products/capsicum.png]
[grostore-html.themetags.com/assets/img/products/lychee.png]
[grostore-html.themetags.com/assets/img/banner/vegetables.png]
[grostore-html.themetags.com/assets/img/shapes/bg-shape-4.png]
[grostore-html.themetags.com/assets/img/banner/banner-2.jpg]
[grostore-html.themetags.com/assets/img/shapes/border-line.png]
[grostore-html.themetags.com/assets/img/banner/banner-3.png]
[grostore-html.themetags.com/assets/img/shapes/bg-shape-5.png]
[grostore-html.themetags.com/assets/img/shapes/map-bg.png]
[grostore-html.themetags.com/assets/img/shapes/fd-1.png]
[grostore-html.themetags.com/assets/img/shapes/fd-2.png]
[grostore-html.themetags.com/assets/img/shapes/fd-3.png]
[grostore-html.themetags.com/assets/img/shapes/fd-4.png]
[grostore-html.themetags.com/assets/img/shapes/fd-5.png]
[grostore-html.themetags.com/assets/img/authors/client-1.png]
[grostore-html.themetags.com/assets/img/authors/client-2.png]
[grostore-html.themetags.com/assets/img/authors/client-3.png]
[grostore-html.themetags.com/assets/img/authors/client-4.png]
[grostore-html.themetags.com/assets/img/authors/client-5.png]
[grostore-html.themetags.com/assets/img/banner/banner-4.jpg]
[grostore-html.themetags.com/assets/img/icons/letter-box.svg]
[grostore-html.themetags.com/assets/img/icons/thumbs-up.svg]
[grostore-html.themetags.com/assets/img/shapes/dal.png]
[grostore-html.themetags.com/assets/img/shapes/frame-circle.svg]
[grostore-html.themetags.com/assets/img/blog/blog-thumb-1.jpg]
[grostore-html.themetags.com/assets/img/blog/blog-thumb-2.jpg]
[grostore-html.themetags.com/assets/img/blog/blog-thumb-3.jpg]
[grostore-html.themetags.com/assets/img/shapes/section-curve.png]
[grostore-html.themetags.com/assets/img/shapes/tomato.svg]
[grostore-html.themetags.com/assets/img/shapes/pata-lg.svg]
[grostore-html.themetags.com/assets/img/shapes/pata-xs.svg]
[grostore-html.themetags.com/assets/img/shapes/leaf.svg]
[grostore-html.themetags.com/assets/img/shapes/tomato-slice.svg]
[grostore-html.themetags.com/assets/img/shapes/tomato-half.svg]
[grostore-html.themetags.com/assets/img/shapes/border-line.svg]
[grostore-html.themetags.com/assets/img/logo-white.png]
[grostore-html.themetags.com/assets/img/brands/visa.png]
[grostore-html.themetags.com/assets/img/brands/mastercard.png]
[grostore-html.themetags.com/assets/img/brands/payoneer.png]
[grostore-html.themetags.com/assets/img/brands/paypal.png]
[grostore-html.themetags.com/assets/img/products/p-lg-1.png]
[grostore-html.themetags.com/assets/img/products/p-lg-2.png]
[grostore-html.themetags.com/assets/img/products/p-lg-3.png]
[grostore-html.themetags.com/assets/img/products/p-lg-4.png]
[grostore-html.themetags.com/assets/js/vendors/jquery-3.6.0.min.js]
[grostore-html.themetags.com/assets/js/vendors/jquery-ui.min.js]
[grostore-html.themetags.com/assets/js/vendors/bootstrap.bundle.min.js]
[grostore-html.themetags.com/assets/js/vendors/simplebar.min.js]
[grostore-html.themetags.com/assets/js/vendors/parallax-scroll.js]
[grostore-html.themetags.com/assets/js/vendors/isotop.pkgd.min.js]
[grostore-html.themetags.com/assets/js/vendors/countdown.min.js]
[grostore-html.themetags.com/assets/js/vendors/range-slider.js]
[grostore-html.themetags.com/assets/js/vendors/waypoints.js]
[grostore-html.themetags.com/assets/js/vendors/counterup.min.js]
[grostore-html.themetags.com/assets/js/vendors/typer.js]
[grostore-html.themetags.com/assets/js/app.js]
[grostore-html.themetags.com/index.html]
[grostore-html.themetags.com/assets/fonts/fa-brands-400.woff2]
[grostore-html.themetags.com/assets/fonts/fa-brands-400.ttf]
[grostore-html.themetags.com/assets/fonts/fa-regular-400.woff2]
[grostore-html.themetags.com/assets/fonts/fa-regular-400.ttf]
[grostore-html.themetags.com/assets/fonts/fa-solid-900.woff2]
[grostore-html.themetags.com/assets/fonts/fa-solid-900.ttf]
[grostore-html.themetags.com/assets/fonts/fa-v4compatibility.woff2]
[grostore-html.themetags.com/assets/fonts/fa-v4compatibility.ttf]
[grostore-html.themetags.com/assets/img/home-5/overlay-bg.png]
[grostore-html.themetags.com/assets/img/home-5/choose-img.jpg]
[grostore-html.themetags.com/index-8.html]
[grostore-html.themetags.com/assets/img/home-5/banner-image.png]
[grostore-html.themetags.com/assets/img/home-6/hero-6.png]
[grostore-html.themetags.com/assets/img/home-6/hero-img.png]
[grostore-html.themetags.com/assets/img/home-6/product-banner-2-shape.png]
[grostore-html.themetags.com/assets/img/home-6/product-banner-3-shape.png]
[grostore-html.themetags.com/assets/img/home-6/category-overlay-img.png]
[grostore-html.themetags.com/assets/img/home-6/health-product-bg.png]
[grostore-html.themetags.com/assets/img/home-6/cta-bg.png]
[grostore-html.themetags.com/assets/img/home-7/hero-bg.png]
[grostore-html.themetags.com/assets/img/home-7/hero-img-1.png]
[grostore-html.themetags.com/assets/img/home-7/featured-section-shape.png]
[grostore-html.themetags.com/assets/css/main.css]
[grostore-html.themetags.com/assets/img/flags/usd.svg]
[grostore-html.themetags.com/assets/img/flags/bdt.svg]
[grostore-html.themetags.com/assets/img/flags/inr.svg]
[grostore-html.themetags.com/assets/img/shapes/bg-shape-6.png]
[grostore-html.themetags.com/assets/img/shapes/onion.png]
[grostore-html.themetags.com/assets/img/shapes/garlic-white.png]
[grostore-html.themetags.com/assets/img/shapes/cauliflower.png]
[grostore-html.themetags.com/assets/img/shapes/leaf-gray.png]
[grostore-html.themetags.com/assets/img/products/orange-slice.png]
[grostore-html.themetags.com/assets/img/products/lemon.png]
[grostore-html.themetags.com/assets/img/products/banana.png]
[grostore-html.themetags.com/assets/img/products/beef.png]
[grostore-html.themetags.com/assets/img/products/tomato-slice.png]
[grostore-html.themetags.com/shop-grid.html]
[grostore-html.themetags.com/assets/img/shapes/texture.png]
[grostore-html.themetags.com/assets/img/shapes/object-1.png]
[grostore-html.themetags.com/assets/img/shapes/object-2.png]
[grostore-html.themetags.com/assets/img/home-2/hero-girl.png]
[grostore-html.themetags.com/assets/img/banner/banner-burger.jpg]
[grostore-html.themetags.com/assets/img/banner/banner-tomato.jpg]
[grostore-html.themetags.com/assets/img/about/ab-1.png]
[grostore-html.themetags.com/assets/img/icons/hand-icon.svg]
[grostore-html.themetags.com/assets/img/home-2/ct-1.jpg]
[grostore-html.themetags.com/assets/img/home-2/ct-2.jpg]
[grostore-html.themetags.com/assets/img/home-2/ct-3.jpg]
[grostore-html.themetags.com/assets/img/home-2/ct-4.jpg]
[grostore-html.themetags.com/assets/img/banner/banner-7.jpg]
[grostore-html.themetags.com/assets/img/banner/cta-banner-2.jpg]
[grostore-html.themetags.com/assets/img/shapes/potato.png]
[grostore-html.themetags.com/assets/img/banner/sb-banner.jpg]
[grostore-html.themetags.com/assets/img/shapes/pumkin.png]
[grostore-html.themetags.com/assets/img/shapes/flower.png]
[grostore-html.themetags.com/assets/img/authors/team-1.jpg]
[grostore-html.themetags.com/assets/img/authors/team-2.jpg]
[grostore-html.themetags.com/assets/img/banner/cta-banner.jpg]
[grostore-html.themetags.com/index-2.html]
[grostore-html.themetags.com/assets/img/products/orange.png]
[grostore-html.themetags.com/assets/img/home-3/thumbnail-1.png]
[grostore-html.themetags.com/assets/img/banner/banner-8.jpg]
[grostore-html.themetags.com/assets/img/banner/banner-9.jpg]
[grostore-html.themetags.com/assets/img/banner/banner-10.jpg]
[grostore-html.themetags.com/assets/img/banner/banner-11.jpg]
[grostore-html.themetags.com/assets/img/home-3/bg-1.jpg]
[grostore-html.themetags.com/assets/img/shapes/line-shape.png]
[grostore-html.themetags.com/assets/img/about/ab-2.png]
[grostore-html.themetags.com/assets/img/about/clients.png]
[grostore-html.themetags.com/assets/img/blog/blog-grid-1.jpg]
[grostore-html.themetags.com/assets/img/blog/blog-thumb-md-1.jpg]
[grostore-html.themetags.com/index-3.html]
[grostore-html.themetags.com/assets/img/shapes/halal-badge.png]
[grostore-html.themetags.com/assets/img/shapes/halal-arabic.png]
[grostore-html.themetags.com/assets/img/shapes/leaf-blur.png]
[grostore-html.themetags.com/assets/img/halal-demo/hero-1.png]
[grostore-html.themetags.com/assets/img/icons/thumbs-up2.svg]
[grostore-html.themetags.com/assets/img/icons/thumbs-up-3.svg]
[grostore-html.themetags.com/assets/img/icons/shield.svg]
[grostore-html.themetags.com/assets/img/home-4/icon-1.png]
[grostore-html.themetags.com/assets/img/home-4/ab-1.png]
[grostore-html.themetags.com/assets/img/home-4/cta-bg.jpg]
[grostore-html.themetags.com/assets/img/home-4/product-1.png]
[grostore-html.themetags.com/assets/img/home-4/product-2.png]
[grostore-html.themetags.com/assets/img/banner/hl-banner-1.jpg]
[grostore-html.themetags.com/assets/img/banner/hl-banner-2.jpg]
[grostore-html.themetags.com/assets/img/home-4/video-bg.png]
[grostore-html.themetags.com/assets/img/home-4/map.png]
[grostore-html.themetags.com/index-4.html]
[grostore-html.themetags.com/assets/img/home-5/bg-shape.png]
[grostore-html.themetags.com/assets/img/home-5/hero-img.png]
[grostore-html.themetags.com/assets/img/home-5/promo-bg.png]
[grostore-html.themetags.com/assets/img/home-5/icon-1.png]
[grostore-html.themetags.com/assets/img/home-5/icon-2.png]
[grostore-html.themetags.com/assets/img/home-5/icon-3.png]
[grostore-html.themetags.com/assets/img/home-5/icon-4.png]
[grostore-html.themetags.com/assets/img/home-5/icon-5.png]
[grostore-html.themetags.com/assets/img/home-5/about-us.jpg]
[grostore-html.themetags.com/assets/img/user-1.png]
[grostore-html.themetags.com/assets/img/home-5/free-shipping-icon.png]
[grostore-html.themetags.com/assets/img/home-5/refunded-icon.png]
[grostore-html.themetags.com/assets/img/home-5/payment-secure.png]
[grostore-html.themetags.com/assets/img/home-5/safety.png]
[grostore-html.themetags.com/assets/img/home-5/products/1.png]
[grostore-html.themetags.com/assets/img/home-5/products/2.png]
[grostore-html.themetags.com/assets/img/home-5/products/3.png]
[grostore-html.themetags.com/assets/img/home-5/products/4.png]
[grostore-html.themetags.com/assets/img/home-5/products/5.png]
[grostore-html.themetags.com/assets/img/home-5/products/6.png]
[grostore-html.themetags.com/assets/img/home-5/products/7.png]
[grostore-html.themetags.com/assets/img/home-5/products/8.png]
[grostore-html.themetags.com/assets/img/home-5/choose-icon-1.png]
[grostore-html.themetags.com/assets/img/home-5/choose-icon-2.png]
[grostore-html.themetags.com/assets/img/home-5/choose-icon-3.png]
[grostore-html.themetags.com/assets/img/home-5/user-1.png]
[grostore-html.themetags.com/assets/img/home-5/user-2.png]
[grostore-html.themetags.com/assets/img/home-5/event-img.png]
[grostore-html.themetags.com/assets/img/home-5/event-img-2.png]
[grostore-html.themetags.com/index-5.html]
[grostore-html.themetags.com/assets/img/home-5/event-img-3.png]
[grostore-html.themetags.com/assets/img/home-6/hero-el-1.png]
[grostore-html.themetags.com/assets/img/home-6/hero-el-2.png]
[grostore-html.themetags.com/assets/img/home-6/hero-el-3.png]
[grostore-html.themetags.com/assets/img/home-6/product-banner-img-1.png]
[grostore-html.themetags.com/assets/img/home-6/product-banner-img-2.png]
[grostore-html.themetags.com/assets/img/home-6/product-banner-img-3.png]
[grostore-html.themetags.com/assets/img/home-6/category-img-1.png]
[grostore-html.themetags.com/assets/img/home-6/icon-arrow.png]
[grostore-html.themetags.com/assets/img/home-6/category-img-2.png]
[grostore-html.themetags.com/assets/img/home-6/category-img-3.png]
[grostore-html.themetags.com/assets/img/home-6/product-1.png]
[grostore-html.themetags.com/assets/img/home-6/product-2.png]
[grostore-html.themetags.com/assets/img/home-6/product-3.png]
[grostore-html.themetags.com/assets/img/home-6/product-4.png]
[grostore-html.themetags.com/assets/img/home-6/product-5.png]
[grostore-html.themetags.com/assets/img/home-6/product-6.png]
[grostore-html.themetags.com/assets/img/home-6/product-7.png]
[grostore-html.themetags.com/assets/img/home-6/product-8.png]
[grostore-html.themetags.com/assets/img/home-6/feedback-img-1.png]
[grostore-html.themetags.com/assets/img/home-6/user-1.png]
[grostore-html.themetags.com/assets/img/home-6/user-2.png]
[grostore-html.themetags.com/assets/img/home-6/feedback-img-2.png]
[grostore-html.themetags.com/assets/img/home-6/app-img.png]
[grostore-html.themetags.com/assets/img/home-6/footer-img-1.png]
[grostore-html.themetags.com/assets/img/home-6/footer-img-2.png]
[grostore-html.themetags.com/assets/img/home-6/footer-img-3.png]
[grostore-html.themetags.com/assets/img/home-6/footer-img-4.png]
[grostore-html.themetags.com/assets/img/home-6/footer-img-5.png]
[grostore-html.themetags.com/assets/img/home-6/footer-img-6.png]
[grostore-html.themetags.com/assets/img/home-6/payment-img-1.png]
[grostore-html.themetags.com/assets/img/home-6/payment-img-2.png]
[grostore-html.themetags.com/assets/img/home-6/payment-img-3.png]
[grostore-html.themetags.com/assets/img/home-6/payment-img-4.png]
[grostore-html.themetags.com/index-6.html]
[grostore-html.themetags.com/assets/img/home-7/category-icon-1.png]
[grostore-html.themetags.com/assets/img/home-7/category-icon-2.png]
[grostore-html.themetags.com/assets/img/home-7/category-icon-3.png]
[grostore-html.themetags.com/assets/img/home-7/category-icon-4.png]
[grostore-html.themetags.com/assets/img/home-7/category-icon-5.png]
[grostore-html.themetags.com/assets/img/home-7/product-banner-img-1.png]
[grostore-html.themetags.com/assets/img/home-7/product-banner-img-2.png]
[grostore-html.themetags.com/assets/img/home-7/product-banner-img-3.png]
[grostore-html.themetags.com/assets/img/home-7/product-1.png]
[grostore-html.themetags.com/assets/img/home-7/product-2.png]
[grostore-html.themetags.com/assets/img/home-7/product-3.png]
[grostore-html.themetags.com/assets/img/home-7/product-4.png]
[grostore-html.themetags.com/assets/img/home-7/product-5.png]
[grostore-html.themetags.com/assets/img/home-7/product-6.png]
[grostore-html.themetags.com/assets/img/home-7/product-7.png]
[grostore-html.themetags.com/assets/img/home-7/product-8.png]
[grostore-html.themetags.com/assets/img/home-7/product-banner-img-4.png]
[grostore-html.themetags.com/assets/img/home-7/product-banner-img-5.png]
[grostore-html.themetags.com/assets/img/home-7/feat-product-1.png]
[grostore-html.themetags.com/assets/img/home-7/feat-product-2.png]
[grostore-html.themetags.com/assets/img/home-7/feat-product-3.png]
[grostore-html.themetags.com/assets/img/home-7/product-banner-img-6.png]
[grostore-html.themetags.com/assets/img/home-7/feat-product-4.png]
[grostore-html.themetags.com/assets/img/home-7/feat-product-5.png]
[grostore-html.themetags.com/assets/img/home-7/feat-product-6.png]
[grostore-html.themetags.com/assets/img/home-7/product-banner-img-7.png]
[grostore-html.themetags.com/assets/img/home-7/blog-post-1.png]
[grostore-html.themetags.com/assets/img/home-7/blog-post-2.png]
[grostore-html.themetags.com/assets/img/home-7/blog-post-3.png]
[grostore-html.themetags.com/index-7.html]
[grostore-html.themetags.com/shop-grid-2.html]
[grostore-html.themetags.com/assets/img/authors/user-1.jpg]
[grostore-html.themetags.com/assets/img/authors/user-2.jpg]
[grostore-html.themetags.com/product-details.html]
[grostore-html.themetags.com/assets/img/blog/blog-thumb-md-2.jpg]
[grostore-html.themetags.com/assets/img/banner/banner-6.jpg]
[grostore-html.themetags.com/assets/img/gallery/gallery-lg-5.jpg]
[grostore-html.themetags.com/assets/img/gallery/gallery-lg-4.jpg]
[grostore-html.themetags.com/assets/img/gallery/gallery-lg-1.jpg]
[grostore-html.themetags.com/blog-grid.html]
[grostore-html.themetags.com/assets/img/blog/blog-thumb-lg-1.jpg]
[grostore-html.themetags.com/assets/img/blog/blog-thumb-lg-2.jpg]
[grostore-html.themetags.com/assets/img/blog/blog-thumb-lg-3.jpg]
[grostore-html.themetags.com/assets/img/blog/blog-thumb-lg-4.jpg]
[grostore-html.themetags.com/assets/img/gallery/gallery-1.jpg]
[grostore-html.themetags.com/assets/img/gallery/gallery-2.jpg]
[grostore-html.themetags.com/assets/img/gallery/gallery-3.jpg]
[grostore-html.themetags.com/assets/img/gallery/gallery-4.jpg]
[grostore-html.themetags.com/assets/img/gallery/gallery-lg-2.jpg]
[grostore-html.themetags.com/assets/img/gallery/gallery-lg-3.jpg]
[grostore-html.themetags.com/assets/img/gallery/gallery-5.jpg]
[grostore-html.themetags.com/assets/img/gallery/gallery-6.jpg]
[grostore-html.themetags.com/assets/img/gallery/gallery-lg-6.jpg]
[grostore-html.themetags.com/assets/img/banner/banner-5.jpg]
[grostore-html.themetags.com/blog-listing.html]
[grostore-html.themetags.com/assets/img/blog/blog-thumb-4.jpg]
[grostore-html.themetags.com/assets/img/authors/author-lg-1.png]
[grostore-html.themetags.com/assets/img/authors/user-thumb-1.jpg]
[grostore-html.themetags.com/assets/img/authors/user-thumb-2.jpg]
[grostore-html.themetags.com/blog-details.html]
[grostore-html.themetags.com/assets/img/brands/brand-1.png]
[grostore-html.themetags.com/assets/img/brands/brand-2.png]
[grostore-html.themetags.com/assets/img/brands/brand-3.png]
[grostore-html.themetags.com/assets/img/brands/brand-4.png]
[grostore-html.themetags.com/assets/img/brands/brand-5.png]
[grostore-html.themetags.com/assets/img/shapes/roll-color.png]
[grostore-html.themetags.com/assets/img/shapes/roll-color-curve.png]
[grostore-html.themetags.com/assets/img/shapes/onion-color.png]
[grostore-html.themetags.com/assets/img/icons/icon-1.png]
[grostore-html.themetags.com/assets/img/icons/icon-2.png]
[grostore-html.themetags.com/assets/img/icons/icon-3.png]
[grostore-html.themetags.com/about.html]
[grostore-html.themetags.com/assets/img/icons/icon-4.png]
[grostore-html.themetags.com/assets/img/icons/cart-color.svg]
[grostore-html.themetags.com/assets/img/icons/cart-white.svg]
[grostore-html.themetags.com/assets/img/icons/organic-color.svg]
[grostore-html.themetags.com/assets/img/icons/organic-white.svg]
[grostore-html.themetags.com/assets/img/icons/milk-color.svg]
[grostore-html.themetags.com/assets/img/icons/milk-white.svg]
[grostore-html.themetags.com/assets/img/icons/delivery-color.svg]
[grostore-html.themetags.com/assets/img/icons/delivery-white.svg]
[grostore-html.themetags.com/assets/img/about/girl.png]
[grostore-html.themetags.com/services.html]
[grostore-html.themetags.com/assets/img/icons/truck.svg]
[grostore-html.themetags.com/assets/img/icons/price.svg]
[grostore-html.themetags.com/assets/img/icons/location-tracking.svg]
[grostore-html.themetags.com/assets/img/icons/money-back.svg]
[grostore-html.themetags.com/assets/img/gallery/girl.jpg]
[grostore-html.themetags.com/service-details.html]
[grostore-html.themetags.com/assets/img/authors/avatar.jpg]
[grostore-html.themetags.com/assets/img/products/cauliflower-xs.png]
[grostore-html.themetags.com/assets/img/brands/paypal-icon.png]
[grostore-html.themetags.com/assets/img/icons/image.svg]
[grostore-html.themetags.com/my-account.html]
[grostore-html.themetags.com/assets/img/shapes/circle-half.png]
[grostore-html.themetags.com/cart.html]
[grostore-html.themetags.com/wishlist.html]
[grostore-html.themetags.com/assets/img/brands/paypal-black.png]
[grostore-html.themetags.com/checkout.html]
[grostore-html.themetags.com/invoice.html]
[grostore-html.themetags.com/assets/img/shapes/circle-half-fill.png]
[grostore-html.themetags.com/assets/img/shapes/texture-overlay.png]
[grostore-html.themetags.com/contact.html]
[grostore-html.themetags.com/team.html]
[grostore-html.themetags.com/assets/img/banner/login-banner.jpg]
[grostore-html.themetags.com/login.html]
[grostore-html.themetags.com/assets/img/brands/google.png]
[grostore-html.themetags.com/signup.html]
[grostore-html.themetags.com/assets/img/404.png]
[grostore-html.themetags.com/404.html]
[grostore-html.themetags.com/assets/img/error-img.png]
[grostore-html.themetags.com/500.html]
[grostore-html.themetags.com/campaigns.html]
[grostore-html.themetags.com/campaign-single.html]
[grostore-html.themetags.com/coupons.html]
[grostore-html.themetags.com/assets/img/icons/letter-box.svg]
[grostore-html.themetags.com/assets/img/icons/thumbs-up.svg]
[grostore-html.themetags.com/assets/img/shapes/frame-circle.svg]
[grostore-html.themetags.com/assets/img/shapes/tomato.svg]
[grostore-html.themetags.com/assets/img/shapes/pata-lg.svg]
[grostore-html.themetags.com/assets/img/shapes/pata-xs.svg]
[grostore-html.themetags.com/assets/img/shapes/leaf.svg]
[grostore-html.themetags.com/assets/img/shapes/tomato-slice.svg]
[grostore-html.themetags.com/assets/img/shapes/tomato-half.svg]
[grostore-html.themetags.com/assets/img/shapes/border-line.svg]
[grostore-html.themetags.com/assets/css/images/ui-icons_444444_256x240.html]
[grostore-html.themetags.com/assets/css/images/ui-icons_555555_256x240.html]
[grostore-html.themetags.com/assets/css/images/ui-icons_ffffff_256x240.html]
[grostore-html.themetags.com/assets/css/images/ui-icons_777620_256x240.html]
[grostore-html.themetags.com/assets/css/images/ui-icons_cc0000_256x240.html]
[grostore-html.themetags.com/assets/css/images/ui-icons_777777_256x240.html]
[grostore-html.themetags.com/index-8.html]
[grostore-html.themetags.com/assets/img/icons/hand-icon.svg]
[grostore-html.themetags.com/assets/img/icons/thumbs-up2.svg]
[grostore-html.themetags.com/assets/img/icons/thumbs-up-3.svg]
[grostore-html.themetags.com/assets/img/icons/shield.svg]
[grostore-html.themetags.com/_assets/img/banner/banner-4.html]
[grostore-html.themetags.com/assets/img/icons/cart-color.svg]
[grostore-html.themetags.com/assets/img/icons/cart-white.svg]
[grostore-html.themetags.com/assets/img/icons/organic-color.svg]
[grostore-html.themetags.com/assets/img/icons/organic-white.svg]
[grostore-html.themetags.com/assets/img/icons/milk-color.svg]
[grostore-html.themetags.com/assets/img/icons/milk-white.svg]
[grostore-html.themetags.com/assets/img/icons/delivery-color.svg]
[grostore-html.themetags.com/assets/img/icons/delivery-white.svg]
[grostore-html.themetags.com/assets/img/icons/truck.svg]
[grostore-html.themetags.com/assets/img/icons/price.svg]
[grostore-html.themetags.com/assets/img/icons/location-tracking.svg]
[grostore-html.themetags.com/assets/img/icons/money-back.svg]
[grostore-html.themetags.com/assets/img/icons/image.svg]
[grostore-html.themetags.com/assets/js/vendors/jquery.magnific-popup.min.js]
[grostore-html.themetags.com/assets/js/vendors/swiper-bundle.min.js]
